// Jest Snapshot v1, https://goo.gl/fbAQLP

exports[`should match an existing snapshot 1`] = `[Function]`;
